// Vitest Snapshot v1, https://vitest.dev/guide/snapshot.html

exports[`Selector Component > matches snapshot 1`] = `
<div>
  <div
    class="MuiFormControl-root MuiFormControl-fullWidth css-q8hpuo-MuiFormControl-root"
  >
    <label
      class="MuiFormLabel-root MuiInputLabel-root MuiInputLabel-formControl MuiInputLabel-animated MuiInputLabel-shrink MuiInputLabel-sizeMedium MuiInputLabel-standard MuiFormLabel-colorPrimary MuiFormLabel-filled MuiInputLabel-root MuiInputLabel-formControl MuiInputLabel-animated MuiInputLabel-shrink MuiInputLabel-sizeMedium MuiInputLabel-standard css-1c2i806-MuiFormLabel-root-MuiInputLabel-root"
      data-shrink="true"
    >
      Select Option
    </label>
    <div
      class="MuiInputBase-root MuiInput-root MuiInput-underline MuiInputBase-colorPrimary MuiInputBase-formControl MuiNativeSelect-root css-v4u5dn-MuiInputBase-root-MuiInput-root"
    >
      <select
        aria-invalid="false"
        class="MuiNativeSelect-select MuiNativeSelect-outlined MuiInputBase-input MuiInput-input css-19ygod6-MuiNativeSelect-select-MuiInputBase-input-MuiInput-input"
        name="select option"
      >
        <option
          value="option1"
        >
          Option 1
        </option>
        <option
          selected=""
          value="option2"
        >
          Option 2
        </option>
        <option
          value="option3"
        >
          Option 3
        </option>
      </select>
      <svg
        aria-hidden="true"
        class="MuiSvgIcon-root MuiSvgIcon-fontSizeMedium MuiNativeSelect-icon MuiNativeSelect-iconOutlined css-1g12qau-MuiSvgIcon-root-MuiNativeSelect-icon"
        data-testid="ArrowDropDownIcon"
        focusable="false"
        viewBox="0 0 24 24"
      >
        <path
          d="M7 10l5 5 5-5z"
        />
      </svg>
    </div>
  </div>
</div>
`;

exports[`Selector Component > should match snapshot 1`] = `
<div>
  <div
    class="MuiFormControl-root MuiFormControl-fullWidth css-q8hpuo-MuiFormControl-root"
  >
    <label
      class="MuiFormLabel-root MuiInputLabel-root MuiInputLabel-formControl MuiInputLabel-animated MuiInputLabel-shrink MuiInputLabel-sizeMedium MuiInputLabel-standard MuiFormLabel-colorPrimary MuiFormLabel-filled MuiInputLabel-root MuiInputLabel-formControl MuiInputLabel-animated MuiInputLabel-shrink MuiInputLabel-sizeMedium MuiInputLabel-standard css-1c2i806-MuiFormLabel-root-MuiInputLabel-root"
      data-shrink="true"
    >
      Select Option
    </label>
    <div
      class="MuiInputBase-root MuiInput-root MuiInput-underline MuiInputBase-colorPrimary MuiInputBase-formControl MuiNativeSelect-root css-v4u5dn-MuiInputBase-root-MuiInput-root"
    >
      <select
        aria-invalid="false"
        class="MuiNativeSelect-select MuiNativeSelect-outlined MuiInputBase-input MuiInput-input css-19ygod6-MuiNativeSelect-select-MuiInputBase-input-MuiInput-input"
        name="select option"
      >
        <option
          value="option1"
        >
          Option 1
        </option>
        <option
          selected=""
          value="option2"
        >
          Option 2
        </option>
        <option
          value="option3"
        >
          Option 3
        </option>
      </select>
      <svg
        aria-hidden="true"
        class="MuiSvgIcon-root MuiSvgIcon-fontSizeMedium MuiNativeSelect-icon MuiNativeSelect-iconOutlined css-1g12qau-MuiSvgIcon-root-MuiNativeSelect-icon"
        data-testid="ArrowDropDownIcon"
        focusable="false"
        viewBox="0 0 24 24"
      >
        <path
          d="M7 10l5 5 5-5z"
        />
      </svg>
    </div>
  </div>
</div>
`;
